// Jest Snapshot v1, https://goo.gl/fbAQLP

exports[`Timeline matches its snapshot 1`] = `
<section
  className="timeline"
>
  <div
    className="hidden"
  >
    now editing: "
    "
  </div>
  <div
    className="hidden"
  >
    <div
      className="note_container"
      viewBox="25 25 50 50"
    >
      <img
        className="music_note"
        src="loading-icon.png"
      />
    </div>
    Oops, try again in a few seconds...
  </div>
  <div
    className="play_stop_buttons"
  >
    <button
      onClick={[Function]}
    >
      <img
        alt="play button"
        className="play_stop_icon"
        src="play-button.png"
      />
    </button>
        
    <button
      onClick={[Function]}
    >
      <img
        alt="stop button"
        className="play_stop_icon"
        src="stop-button.png"
      />
    </button>
  </div>
  <div
    className="global_view"
  >
    <span
      className="global maj g"
    >
      _
    </span>
    <span
      className="global maj b"
    >
      _
    </span>
    <span
      className="global min e"
    >
      _
    </span>
    <span
      className="global maj c"
    >
      _
    </span>
    <span
      className="global_inactive g"
    >
      _
    </span>
    <span
      className="global_inactive b"
    >
      _
    </span>
    <span
      className="global_inactive c"
    >
      _
    </span>
  </div>
  <div
    className="player_timeline"
  >
    <div
      className="chord_box one maj g"
    >
      <button
        className="delete_chord"
        onClick={[Function]}
      >
        <img
          alt="delete chord"
          src="delete-button.png"
        />
      </button>
      <span
        className="chord_label "
        onClick={[Function]}
      >
        G
        <section
          className="chord_info hidden"
        >
          <div
            className="info_label"
          >
            maj
          </div>
          <div
            className="info_label"
          >
            sawtooth
          </div>
          <div
            className="info_label"
          >
            -2
          </div>
        </section>
      </span>
      <div
        className="move_chord_buttons"
      >
        <button
          className="move_chord_right"
          onClick={[Function]}
        >
          <img
            alt="move right"
            src="move-right-arrow.png"
          />
        </button>
      </div>
    </div>
    <div
      className="chord_box two maj b"
    >
      <button
        className="delete_chord"
        onClick={[Function]}
      >
        <img
          alt="delete chord"
          src="delete-button.png"
        />
      </button>
      <span
        className="chord_label "
        onClick={[Function]}
      >
        B
        <section
          className="chord_info hidden"
        >
          <div
            className="info_label"
          >
            maj
          </div>
          <div
            className="info_label"
          >
            sawtooth
          </div>
          <div
            className="info_label"
          >
            -2
          </div>
        </section>
      </span>
      <div
        className="move_chord_buttons"
      >
        <button
          className="move_chord_left"
          onClick={[Function]}
        >
          <img
            alt="move left"
            src="move-left-arrow.png"
          />
        </button>
        <button
          className="move_chord_right"
          onClick={[Function]}
        >
          <img
            alt="move right"
            src="move-right-arrow.png"
          />
        </button>
      </div>
    </div>
    <div
      className="chord_box three min e"
    >
      <button
        className="delete_chord"
        onClick={[Function]}
      >
        <img
          alt="delete chord"
          src="delete-button.png"
        />
      </button>
      <span
        className="chord_label "
        onClick={[Function]}
      >
        E
        <section
          className="chord_info hidden"
        >
          <div
            className="info_label"
          >
            min
          </div>
          <div
            className="info_label"
          >
            sawtooth
          </div>
          <div
            className="info_label"
          >
            -2
          </div>
        </section>
      </span>
      <div
        className="move_chord_buttons"
      >
        <button
          className="move_chord_left"
          onClick={[Function]}
        >
          <img
            alt="move left"
            src="move-left-arrow.png"
          />
        </button>
        <button
          className="move_chord_right"
          onClick={[Function]}
        >
          <img
            alt="move right"
            src="move-right-arrow.png"
          />
        </button>
      </div>
    </div>
    <div
      className="chord_box four maj c"
    >
      <button
        className="delete_chord"
        onClick={[Function]}
      >
        <img
          alt="delete chord"
          src="delete-button.png"
        />
      </button>
      <span
        className="chord_label "
        onClick={[Function]}
      >
        C
        <section
          className="chord_info hidden"
        >
          <div
            className="info_label"
          >
            maj
          </div>
          <div
            className="info_label"
          >
            sawtooth
          </div>
          <div
            className="info_label"
          >
            -2
          </div>
        </section>
      </span>
      <div
        className="move_chord_buttons"
      >
        <button
          className="move_chord_left"
          onClick={[Function]}
        >
          <img
            alt="move left"
            src="move-left-arrow.png"
          />
        </button>
        <button
          className="move_chord_right"
          onClick={[Function]}
        >
          <img
            alt="move right"
            src="move-right-arrow.png"
          />
        </button>
      </div>
    </div>
  </div>
  <div
    className="scrubber_buttons"
  >
    <button
      onClick={[Function]}
    >
      <img
        alt="scrub left"
        src="scrub-left-arrow.png"
      />
    </button>
    <div
      className="slide_container"
    >
      <label
        className="volume"
        htmlFor="volume"
      >
        Volume: 
        25
        %
      </label>
      <input
        className="volume_slider"
        defaultValue="25"
        id="volume"
        max="100"
        min="0"
        onChange={[Function]}
        type="range"
      />
    </div>
    <div
      className="slide_container"
    >
      <label
        className="speed"
        htmlFor="speed"
      >
        Speed: 
        160
         BPM
      </label>
      <input
        className="speed_slider"
        defaultValue="30"
        id="speed"
        max="100"
        min="1"
        onChange={[Function]}
        type="range"
      />
    </div>
    <button
      onClick={[Function]}
    >
      <img
        alt="scrub right"
        src="scrub-right-arrow.png"
      />
    </button>
  </div>
  <div
    className="jump_buttons"
  >
    <button
      onClick={[Function]}
    >
      <img
        alt="jump to beginning"
        src="jump-left-arrow.png"
      />
    </button>
    <button
      onClick={[Function]}
    >
      <img
        alt="jump to end"
        src="jump-right-arrow.png"
      />
    </button>
  </div>
</section>
`;
