// Jest Snapshot v1, https://goo.gl/fbAQLP

exports[`SplashPage matches its snapshot 1`] = `
<main
  role="main"
>
  <header
    className="intro_header"
    role="banner"
  >
    <h1>
      Welcome to Chord Wizard!
    </h1>
    <h2>
      Chord progression building, streamlined.
    </h2>
  </header>
  <section
    className="getting_started"
  >
    Getting started instructions
  </section>
  <section
    className="splash_login_links"
  >
    <a
      className="splash_login"
      href="/login"
      onClick={[Function]}
    >
      Login
    </a>
      
    <a
      className="splash_register"
      href="/register"
      onClick={[Function]}
    >
      Register
    </a>
    <br />
    <a
      className="splash_continue"
      href="/editor"
      onClick={[Function]}
    >
      Continue without an account
    </a>
  </section>
</main>
`;
